001   0000                 device zxspectrum48 ; There is no ZX Spectrum, it is needed for the sjasmplus assembler.
002   0000                 org 100h
003   0100             __begin: 
004   0100             __entry: 
005   0100             __init: 
006   0100             ; 26 void __init() {
007   0100             ; 27     /* Zeroing uninitialized variables */
008   0100             ; 28     asm {
009   0100             
010   0100 11 25 02            ld   de, __bss
011   0103 AF                  xor  a
012   0104             __init_loop: 
013   0104 12                  ld   (de), a
014   0105 13                  inc  de
015   0106 21 AB FD            ld   hl, 10000h - __end
016   0109 19                  add  hl, de
017   010A D2 04 01            jp   nc, __init_loop
018   010D             
019   010D             ; 29         ld   de, __bss
020   010D             ; 30         xor  a
021   010D             ; 31 __init_loop:
022   010D             ; 32         ld   (de), a
023   010D             ; 33         inc  de
024   010D             ; 34         ld   hl, 10000h - __end
025   010D             ; 35         add  hl, de
026   010D             ; 36         jp   nc, __init_loop
027   010D             ; 37     }
028   010D             ; 38 
029   010D             ; 39     /* Init stack */
030   010D             ; 40 #if __has_include(<c8080/initstack.inc>) && !defined(ARCH_CPM_CCP) && !defined(ARCH_CPM_BDOS) && !defined(ARCH_CPM_BIOS)
031   010D             ; 41 #include <c8080/initstack.inc>
032   010D             ; 42 #endif
033   010D             ; 43 
034   010D             ; 44 #ifdef ARCH_CPM_CCP /* CCP remains in memory */
035   010D             ; 45     // clang-format off
036   010D             ; 46     asm {
037   010D             ; 47         pop  de
038   010D             ; 48         ld   a, (7)
039   010D             ; 49         sub  8
040   010D             ; 50         ld   h, a
041   010D             ; 51         ld   l, 0
042   010D             ; 52         ld   sp, hl
043   010D             ; 53         push de
044   010D             ; 54     }
045   010D             ; 55     // clang-format on
046   010D             ; 56 #endif
047   010D             ; 57 
048   010D             ; 58 #ifdef ARCH_CPM_BDOS /* BDOS remains in memory */
049   010D             ; 59     asm {
050   010D             ; 60         ld   a, (7)
051   010D             ; 61         ld   h, a
052   010D             ; 62         ld   l, 0
053   010D             ; 63         ld   sp, hl
054   010D             ; 64         ld   hl, 0
055   010D             ; 65         push hl
056   010D             ; 66     }
057   010D             ; 67 #endif
058   010D             ; 68 
059   010D             ; 69 #ifdef ARCH_CPM_BIOS /* BIOS remains in memory */
060   010D             ; 70 #error TODO
061   010D             ; 71 #endif
062   010D             ; 72 
063   010D             ; 73     main(0, NULL);
064   010D 21 00 00    	ld hl, 0
065   0110 22 51 02    	ld (__a_1_main), hl
066   0113             main: 
067   0113             ; 23 int main(int argc, char** argv) {
068   0113 22 53 02    	ld (__a_2_main), hl
069   0116             ; 24     int i;
070   0116             ; 25     int z;
071   0116             ; 26 
072   0116             ; 27     argc = argc;
073   0116 2A 51 02    	ld hl, (__a_1_main)
074   0119 22 51 02    	ld (__a_1_main), hl
075   011C             ; 28     argv = argv;
076   011C 2A 53 02    	ld hl, (__a_2_main)
077   011F 22 53 02    	ld (__a_2_main), hl
078   0122             ; 29 
079   0122             ; 30     i = 0;
080   0122 21 00 00    	ld hl, 0
081   0125 22 4D 02    	ld (main_i), hl
082   0128             ; 31     while (i < 16) {
083   0128             l_0: 
084   0128 11 10 00    	ld de, 16
085   012B CD 62 01    	call __o_sub_16
086   012E F2 52 01    	jp p, l_1
087   0131             ; 32         g_arr[i] = i * 3 + 1;
088   0131 2A 4D 02    	ld hl, (main_i)
089   0134 11 03 00    	ld de, 3
090   0137 CD 69 01    	call __o_mul_i16
091   013A 23          	inc hl
092   013B E5          	push hl
093   013C 11 25 02    	ld de, g_arr
094   013F 2A 4D 02    	ld hl, (main_i)
095   0142 29          	add hl, hl
096   0143 19          	add hl, de
097   0144 D1          	pop de
098   0145 73          	ld (hl), e
099   0146 23          	inc hl
100   0147 72          	ld (hl), d
101   0148             ; 33         i = i + 1;
102   0148 2A 4D 02    	ld hl, (main_i)
103   014B 23          	inc hl
104   014C 22 4D 02    	ld (main_i), hl
105   014F C3 28 01    	jp l_0
106   0152             l_1: 
107   0152             ; 34     }
108   0152             ; 35 
109   0152             ; 36     z = mix(11, 7);
110   0152 21 0B 00    	ld hl, 11
111   0155 22 49 02    	ld (__a_1_mix), hl
112   0158 21 07 00    	ld hl, 7
113   015B CD 8F 01    	call mix
114   015E 22 4F 02    	ld (main_z), hl
115   0161             ; 37     return z;
116   0161 C9          	ret
117   0162             __o_sub_16: 
118   0162             ; 265 void __o_sub_16() {
119   0162             ; 266     asm {
120   0162             
121   0162 7D                  ld   a, l
122   0163 93                  sub  e
123   0164 6F                  ld   l, a
124   0165 7C                  ld   a, h
125   0166 9A                  sbc  d
126   0167 67                  ld   h, a
127   0168             
128   0168 C9          	ret
129   0169             __o_mul_i16: 
130   0169             ; 349 void __o_mul_i16() {
131   0169             ; 350     (void)__o_minus_16;
132   0169             ; 351     (void)__o_mul_u16;
133   0169             ; 352     asm {
134   0169             
135   0169 7C                  ld   a, h
136   016A 87                  add  a
137   016B D2 7E 01            jp   nc, __o_mul_i16_1  ; hl - positive
138   016E             
139   016E CD FD 01            call __o_minus_16
140   0171             
141   0171 7A                  ld   a, d
142   0172 87                  add  a
143   0173 D2 88 01            jp   nc, __o_mul_i16_2  ; hl - negative, de - positive
144   0176             
145   0176 EB                  ex   hl, de
146   0177 CD FD 01            call __o_minus_16
147   017A EB                  ex   hl, de
148   017B             
149   017B C3 05 02            jp   __o_mul_u16 ; hl & de - negative
150   017E             
151   017E             __o_mul_i16_1: 
152   017E 7A                  ld   a, d
153   017F 87                  add  a
154   0180 D2 05 02            jp   nc, __o_mul_u16  ; hl & de - positive
155   0183             
156   0183 EB                  ex   hl, de
157   0184 CD FD 01            call __o_minus_16
158   0187 EB                  ex   hl, de
159   0188             
160   0188             __o_mul_i16_2: 
161   0188 CD 05 02            call __o_mul_u16
162   018B C3 FD 01            jp   __o_minus_16
163   018E             
164   018E C9          	ret
165   018F             mix: 
166   018F             ; 5 int mix(int x, int y) {
167   018F 22 4B 02    	ld (__a_2_mix), hl
168   0192             ; 6     int i;
169   0192             ; 7     int s;
170   0192             ; 8 
171   0192             ; 9     s = x + y;
172   0192 2A 49 02    	ld hl, (__a_1_mix)
173   0195 EB          	ex hl, de
174   0196 2A 4B 02    	ld hl, (__a_2_mix)
175   0199 19          	add hl, de
176   019A 22 47 02    	ld (mix_s), hl
177   019D             ; 10     i = 0;
178   019D 21 00 00    	ld hl, 0
179   01A0 22 45 02    	ld (mix_i), hl
180   01A3             ; 11     while (i < 16) {
181   01A3             l_2: 
182   01A3 11 10 00    	ld de, 16
183   01A6 CD 62 01    	call __o_sub_16
184   01A9 F2 F9 01    	jp p, l_3
185   01AC             ; 12         s = s + ((g_arr[i] + i) & 255);
186   01AC 11 25 02    	ld de, g_arr
187   01AF 2A 45 02    	ld hl, (mix_i)
188   01B2 29          	add hl, hl
189   01B3 19          	add hl, de
190   01B4 5E          	ld e, (hl)
191   01B5 23          	inc hl
192   01B6 56          	ld d, (hl)
193   01B7 2A 45 02    	ld hl, (mix_i)
194   01BA 19          	add hl, de
195   01BB 11 FF 00    	ld de, 255
196   01BE CD 1A 02    	call __o_and_16
197   01C1 EB          	ex hl, de
198   01C2 2A 47 02    	ld hl, (mix_s)
199   01C5 19          	add hl, de
200   01C6 22 47 02    	ld (mix_s), hl
201   01C9             ; 13         if ((s & 1) == 0) {
202   01C9 11 01 00    	ld de, 1
203   01CC CD 1A 02    	call __o_and_16
204   01CF 7C          	ld a, h
205   01D0 B5          	or l
206   01D1 C2 E2 01    	jp nz, l_4
207   01D4             ; 14             s = s + g_a;
208   01D4 2A 47 02    	ld hl, (mix_s)
209   01D7 EB          	ex hl, de
210   01D8 2A 21 02    	ld hl, (g_a)
211   01DB 19          	add hl, de
212   01DC 22 47 02    	ld (mix_s), hl
213   01DF C3 EF 01    	jp l_5
214   01E2             l_4: 
215   01E2             ; 15         } else {
216   01E2             ; 16             s = s - g_b;
217   01E2 2A 23 02    	ld hl, (g_b)
218   01E5 EB          	ex hl, de
219   01E6 2A 47 02    	ld hl, (mix_s)
220   01E9 CD 62 01    	call __o_sub_16
221   01EC 22 47 02    	ld (mix_s), hl
222   01EF             l_5: 
223   01EF             ; 17         }
224   01EF             ; 18         i = i + 1;
225   01EF 2A 45 02    	ld hl, (mix_i)
226   01F2 23          	inc hl
227   01F3 22 45 02    	ld (mix_i), hl
228   01F6 C3 A3 01    	jp l_2
229   01F9             l_3: 
230   01F9             ; 19     }
231   01F9             ; 20     return s;
232   01F9 2A 47 02    	ld hl, (mix_s)
233   01FC C9          	ret
234   01FD             __o_minus_16: 
235   01FD             ; 235 void __o_minus_16() {
236   01FD             ; 236     asm {
237   01FD             
238   01FD AF                  xor  a
239   01FE 95                  sub  l
240   01FF 6F                  ld   l, a
241   0200 3E 00               ld   a, 0
242   0202 9C                  sbc  h
243   0203 67                  ld  h, a
244   0204             
245   0204 C9          	ret
246   0205             __o_mul_u16: 
247   0205             ; 326 void __o_mul_u16() {
248   0205             ; 327     asm {
249   0205             
250   0205 44                  ld   b, h
251   0206 4D                  ld   c, l
252   0207 21 00 00            ld   hl, 0
253   020A 3E 11               ld   a, 17
254   020C             __o_mul_u16_l1: 
255   020C 3D                  dec  a
256   020D C8                  ret  z
257   020E 29                  add  hl, hl
258   020F EB                  ex   hl, de
259   0210 29                  add  hl, hl
260   0211 EB                  ex   hl, de
261   0212 D2 0C 02            jp   nc, __o_mul_u16_l1
262   0215 09                  add  hl, bc
263   0216 C3 0C 02            jp   __o_mul_u16_l1
264   0219             
265   0219 C9          	ret
266   021A             __o_and_16: 
267   021A             ; 280 void __o_and_16() {
268   021A             ; 281     asm {
269   021A             
270   021A 7C                  ld   a, h
271   021B A2                  and  d
272   021C 67                  ld   h, a
273   021D 7D                  ld   a, l
274   021E A3                  and  e
275   021F 6F                  ld   l, a
276   0220             
277   0220 C9          	ret
278   0221             g_a: 
279   0221 03 00       	dw 3
280   0223             g_b: 
281   0223 05 00       	dw 5
282   0225             __bss: 
283   0225             g_arr: 
284   0225 00          	ds 32
285   0245             __static_stack: 
286   0245 00          	ds 16
287   0255             __end: 
288   0255             __s___init equ __static_stack + 16
289   0255             __s_main equ __static_stack + 8
290   0255             __a_1_main equ __s_main + 4
291   0255             __a_2_main equ __s_main + 6
292   0255             main_i equ __s_main + 0
293   0255             main_z equ __s_main + 2
294   0255             __s_mix equ __static_stack + 0
295   0255             __a_1_mix equ __s_mix + 4
296   0255             __a_2_mix equ __s_mix + 6
297   0255             __s___o_sub_16 equ __static_stack + 0
298   0255             __s___o_mul_i16 equ __static_stack + 0
299   0255             mix_s equ __s_mix + 2
300   0255             mix_i equ __s_mix + 0
301   0255             __s___o_minus_16 equ __static_stack + 0
302   0255             __s___o_mul_u16 equ __static_stack + 0
303   0255             __s___o_and_16 equ __static_stack + 0
304   0255                 savebin "dual_c8080.bin", __begin, __bss - __begin
305   0255             
